
> plot-digitizer@0.3.0 test
> vitest --watchAll=false

